// Jest Snapshot v1, https://goo.gl/fbAQLP

exports[`About component renders the page correctly 1`] = `
<div>
  <div
    class="about"
  >
    <div
      class="about-info"
    >
      <h1>
        About Us
      </h1>
      <p>
        Shipper-Shopper is an award winning small company that has been delivering top notch products for over 30 years. Order your stuff from us today and we promise you a wonderful experience. So get shopping!!
      </p>
      <img
        alt="warehouse"
        src="https://imageio.forbes.com/specials-images/imageserve/5f91b847fe7c717493ca4a3b/Warehouse/960x0.jpg?format=jpg&width=960"
      />
    </div>
  </div>
</div>
`;
